// Jest Snapshot v1, https://goo.gl/fbAQLP

exports[`Pruebas <GiftItem /> Debe hacer match con snapshot 1`] = `
<div>
  <div
    class="card"
  >
    <img
      alt="Saitama"
      src="https://gmail.com/1.jpg"
    />
    <p>
      Saitama
    </p>
  </div>
</div>
`;
